18 95 74 83 5 92 55 37 94 76 90 25 82 21 79 67 64 50 86 81 62 17 46 88 31 43 40 19 11 97 7 29 47 41 16 56 36 35 58 98 78 13 22 61 2 8 93 68 20 75 14 87 59 23 33 99 77 84 80 52 38 51 49 96 1 28 12 4 72 34 100 45 48 89 10 15 57 69 42 85 39 63 30 6 91 71 66 26 54 9 44 60 65 3 53 24 32 70 27 73