168 194 183 130 64 165 55 67 112 82 68 169 25 150 18 75 141 3 174 171 21 81 39 200 71 2 179 24 123 124 43 16 38 167 154 44 113 147 140 175 37 148 131 4 26 156 79 178 159 193 49 95 13 35 93 84 36 65 42 181 134 101 111 189 1 59 177 114 152 30 76 118 192 157 126 20 99 149 110 195 54 103 86 69 161 12 104 7 14 173 97 155 9 158 53 10 159 31 125 100 63 146 29 198 90 80 17 142 180 52 48 34 185 172 127 51 89 176 199 115 139 94 61 58 47 56 66 19 102 137 45 191 72 23 190 109 108 129 46 77 123 41 138 28 144 197 87 40 78 85 88 166 133 92 27 119 182 106 60 15 186 132 11 196 164 117 105 8 188 91 83 32 163 170 62 98 74 96 73 187 135 107 143 57 151 184 121 128 22 5 145 6 50 70 120 153 136 33 162 116